[INFO] Scanning for projects...
[INFO] 
[INFO] ------------------------< com.pf:PersonalFood >-------------------------
[INFO] Building PersonalFood 0.0.1-SNAPSHOT
[INFO]   from pom.xml
[INFO] --------------------------------[ jar ]---------------------------------
[INFO] 
[INFO] --- resources:3.3.1:resources (default-resources) @ PersonalFood ---
[INFO] Copying 2 resources from src\main\resources to target\classes
[INFO] Copying 19 resources from src\main\resources to target\classes
[INFO] 
[INFO] --- compiler:3.11.0:compile (default-compile) @ PersonalFood ---
[INFO] Changes detected - recompiling the module! :source
[INFO] Compiling 30 source files with javac [debug release 21] to target\classes
[INFO] Annotation processing is enabled because one or more processors were found
  on the class path. A future release of javac may disable annotation processing
  unless at least one processor is specified by name (-processor), or a search
  path is specified (--processor-path, --processor-module-path), or annotation
  processing is enabled explicitly (-proc:only, -proc:full).
  Use -Xlint:-options to suppress this message.
  Use -proc:none to disable annotation processing.
[INFO] -------------------------------------------------------------
[WARNING] COMPILATION WARNING : 
[INFO] -------------------------------------------------------------
[WARNING] /C:/Users/Administrator/Github/Personal-Food/src/main/java/com/pf/PersonalFood/config/SecurityConfig.java:[62,17] contentSecurityPolicy(java.lang.String) in org.springframework.security.config.annotation.web.configurers.HeadersConfigurer has been deprecated and marked for removal
[WARNING] /C:/Users/Administrator/Github/Personal-Food/src/main/java/com/pf/PersonalFood/config/SecurityConfig.java:[63,17] and() in org.springframework.security.config.annotation.web.configurers.HeadersConfigurer.ContentSecurityPolicyConfig has been deprecated and marked for removal
[WARNING] /C:/Users/Administrator/Github/Personal-Food/src/main/java/com/pf/PersonalFood/config/SecurityConfig.java:[64,17] xssProtection() in org.springframework.security.config.annotation.web.configurers.HeadersConfigurer has been deprecated and marked for removal
[WARNING] /C:/Users/Administrator/Github/Personal-Food/src/main/java/com/pf/PersonalFood/config/SecurityConfig.java:[65,17] and() in org.springframework.security.config.annotation.web.configurers.HeadersConfigurer.XXssConfig has been deprecated and marked for removal
[WARNING] /C:/Users/Administrator/Github/Personal-Food/src/main/java/com/pf/PersonalFood/config/SecurityConfig.java:[66,17] frameOptions() in org.springframework.security.config.annotation.web.configurers.HeadersConfigurer has been deprecated and marked for removal
[INFO] 5 warnings 
[INFO] -------------------------------------------------------------
[INFO] -------------------------------------------------------------
[ERROR] COMPILATION ERROR : 
[INFO] -------------------------------------------------------------
[ERROR] /C:/Users/Administrator/Github/Personal-Food/src/main/java/com/pf/PersonalFood/config/SecurityConfig.java:[33,17] cannot find symbol
  symbol:   method sessionFixationProtection()
  location: class org.springframework.security.config.annotation.web.configurers.SessionManagementConfigurer<org.springframework.security.config.annotation.web.builders.HttpSecurity>
[INFO] 1 error
[INFO] -------------------------------------------------------------
[INFO] ------------------------------------------------------------------------
[INFO] BUILD FAILURE
[INFO] ------------------------------------------------------------------------
[INFO] Total time:  7.674 s
[INFO] Finished at: 2026-04-27T18:53:53-03:00
[INFO] ------------------------------------------------------------------------
[ERROR] Failed to execute goal org.apache.maven.plugins:maven-compiler-plugin:3.11.0:compile (default-compile) on project PersonalFood: Compilation failure
[ERROR] /C:/Users/Administrator/Github/Personal-Food/src/main/java/com/pf/PersonalFood/config/SecurityConfig.java:[33,17] cannot find symbol
[ERROR]   symbol:   method sessionFixationProtection()
[ERROR]   location: class org.springframework.security.config.annotation.web.configurers.SessionManagementConfigurer<org.springframework.security.config.annotation.web.builders.HttpSecurity>
[ERROR] 
[ERROR] -> [Help 1]
[ERROR] 
[ERROR] To see the full stack trace of the errors, re-run Maven with the -e switch.
[ERROR] Re-run Maven using the -X switch to enable full debug logging.
[ERROR] 
[ERROR] For more information about the errors and possible solutions, please read the following articles:
[ERROR] [Help 1] http://cwiki.apache.org/confluence/display/MAVEN/MojoFailureException
